[debug] [2026-07-01T05:01:13.541Z] ----------------------------------------------------------------------
[debug] [2026-07-01T05:01:13.549Z] Command:       C:\Program Files\nodejs\node.exe C:\Users\DELL\AppData\Roaming\npm\node_modules\firebase-tools\lib\bin\firebase.js projects:list
[debug] [2026-07-01T05:01:13.550Z] CLI Version:   15.20.0
[debug] [2026-07-01T05:01:13.550Z] Platform:      win32
[debug] [2026-07-01T05:01:13.551Z] Node Version:  v22.19.0
[debug] [2026-07-01T05:01:13.551Z] Time:          Wed Jul 01 2026 10:31:13 GMT+0530 (India Standard Time)
[debug] [2026-07-01T05:01:13.551Z] ----------------------------------------------------------------------
[debug] 
[debug] [2026-07-01T05:01:13.557Z] >>> [apiv2][query] GET https://firebase-public.firebaseio.com/cli.json [none]
[debug] [2026-07-01T05:01:13.716Z] > command requires scopes: ["email","openid","https://www.googleapis.com/auth/cloudplatformprojects.readonly","https://www.googleapis.com/auth/firebase","https://www.googleapis.com/auth/cloud-platform"]
[debug] [2026-07-01T05:01:13.717Z] > authorizing via signed-in user (akashmaurya52865@gmail.com)
[debug] [2026-07-01T05:01:13.724Z] Checked if tokens are valid: false, expires at: 1758910355805
[debug] [2026-07-01T05:01:13.725Z] Checked if tokens are valid: false, expires at: 1758910355805
[debug] [2026-07-01T05:01:13.725Z] > refreshing access token with scopes: []
[debug] [2026-07-01T05:01:13.727Z] >>> [apiv2][query] POST https://www.googleapis.com/oauth2/v3/token [none]
[debug] [2026-07-01T05:01:13.728Z] >>> [apiv2][body] POST https://www.googleapis.com/oauth2/v3/token [omitted]
[debug] [2026-07-01T05:01:14.033Z] <<< [apiv2][status] POST https://www.googleapis.com/oauth2/v3/token 400
[debug] [2026-07-01T05:01:14.033Z] <<< [apiv2][body] POST https://www.googleapis.com/oauth2/v3/token [omitted]
[debug] [2026-07-01T05:01:14.034Z] >>> [apiv2][query] GET https://firebase.googleapis.com/v1beta1/projects pageSize=1000
[debug] [2026-07-01T05:01:14.519Z] <<< [apiv2][status] GET https://firebase-public.firebaseio.com/cli.json 200
[debug] [2026-07-01T05:01:14.519Z] <<< [apiv2][body] GET https://firebase-public.firebaseio.com/cli.json {"cloudBuildErrorAfter":1594252800000,"cloudBuildWarnAfter":1590019200000,"defaultNode10After":1594252800000,"minVersion":"3.0.5","node8DeploysDisabledAfter":1613390400000,"node8RuntimeDisabledAfter":1615809600000,"node8WarnAfter":1600128000000}
[debug] [2026-07-01T05:01:14.541Z] <<< [apiv2][status] GET https://firebase.googleapis.com/v1beta1/projects 401
[debug] [2026-07-01T05:01:14.541Z] <<< [apiv2][body] GET https://firebase.googleapis.com/v1beta1/projects [omitted]
[debug] [2026-07-01T05:01:14.541Z] Got a 401 Unauthenticated error for a call that required authentication. Refreshing tokens.
[debug] [2026-07-01T05:01:14.541Z] Checked if tokens are valid: false, expires at: 1758910355805
[debug] [2026-07-01T05:01:14.541Z] Checked if tokens are valid: false, expires at: 1758910355805
[debug] [2026-07-01T05:01:14.541Z] > refreshing access token with scopes: []
[debug] [2026-07-01T05:01:14.542Z] >>> [apiv2][query] POST https://www.googleapis.com/oauth2/v3/token [none]
[debug] [2026-07-01T05:01:14.542Z] >>> [apiv2][body] POST https://www.googleapis.com/oauth2/v3/token [omitted]
[debug] [2026-07-01T05:01:14.701Z] <<< [apiv2][status] POST https://www.googleapis.com/oauth2/v3/token 400
[debug] [2026-07-01T05:01:14.701Z] <<< [apiv2][body] POST https://www.googleapis.com/oauth2/v3/token [omitted]
[debug] [2026-07-01T05:01:14.703Z] Request to https://firebase.googleapis.com/v1beta1/projects?pageSize=1000 had HTTP Error: 401, Request had invalid authentication credentials. Expected OAuth 2 access token, login cookie or other valid authentication credential. See https://developers.google.com/identity/sign-in/web/devconsole-project.
[debug] [2026-07-01T05:01:15.110Z] FirebaseError: Request to https://firebase.googleapis.com/v1beta1/projects?pageSize=1000 had HTTP Error: 401, Request had invalid authentication credentials. Expected OAuth 2 access token, login cookie or other valid authentication credential. See https://developers.google.com/identity/sign-in/web/devconsole-project.
    at responseToError (C:\Users\DELL\AppData\Roaming\npm\node_modules\firebase-tools\lib\responseToError.js:53:12)
    at RetryOperation._fn (C:\Users\DELL\AppData\Roaming\npm\node_modules\firebase-tools\lib\apiv2.js:333:77)
    at process.processTicksAndRejections (node:internal/process/task_queues:105:5)
[error] 
[error] Error: Failed to list Firebase projects. See firebase-debug.log for more info.
